environment channel(in1, in2, out1, out2) {
  inputs [in1, in2]
  outputs [out1, out2]
  initial c0
  // receive
  c0 in1? c1 strong_fairness
  c0 in2? c2 strong_fairness
  // deliver
  c1 out1! c0 strong_fairness
  c2 out2! c0 strong_fairness
  // loss
  c0 in1? c0
  c0 in2? c0
  // overflow
  c1 in1? c1
  c1 in2? c1
  c2 in1? c2
  c2 in2? c2
  // duplicate
  c1 out1! c1
  c2 out2! c2
}
