
environment ReceivingClient {
  inputs [deliver]
  outputs []
  initial rc0
  rc0 deliver? rc0 // fairness of this moved to incomplete_receiver_with_fairness.txt
}


