Parsing file test/abp_blank_state_in_receiver.txt
# automata read: 10
SOLUTION #1 FOUND:
** Solution 1 **
('receiver', 'r0', "p1'?", 'r5')
('receiver', 'r4', 'deliver!', 'r0')
('receiver', 'r5', 'a1!', 'r0')
{'candidate transitions': 98, 'iterations': 197}
When one solution is requested, and one is found, this prints the automata. Otherwise ignore this.
process receiver {
  inputs [p0', p1']
  outputs [deliver, a0, a1]
  initial r0
  r0 p0'? r1
  r0 p1'? r5
  r1 deliver! r2
  r2 a0! r3
  r3 p0'? r2
  r3 p1'? r4
  r4 deliver! r0
  r5 a1! r0
}
process sender {
  inputs [send, a1', timeout, a0']
  outputs [p0, done, p1]
  initial s0
  s0 a1'? s0
  s0 timeout? s0
  s0 send? s1
  s1 p0! s2
  s2 a1'? s2
  s2 a0'? s3
  s2 timeout? s1
  s3 done! s4
  s4 timeout? s4
  s4 send? s5
  s4 a0'? s4
  s5 p1! s6
  s6 a1'? s7
  s6 a0'? s6
  s6 timeout? s5
  s7 done! s0
}
