Parsing file test/complete_protocol.txt
# automata read: 2
Nothing to synthesize: given protocol already satisfies the requirements.
