Parsing file test/simple_strong_non_blocking_violation.txt
# automata read: 2
# of deadlocks: 0
There are no safety violations.
There are no liveness violations
