Parsing file test/simple_strong_non_blocking_violation.txt
# automata read: 2
# of deadlocks: 0
There are strong non-blockingness violations.

Trace to p0,e1 (note no monitor automata are included)
P,E
p0,e0
('E', 'e0', 'a!', 'e1')
('P', 'p0', 'a?', 'p0')
p0,e1
Automaton E in state e1 wants to send b but automaton P in state p0 is not reading it.
There are no safety violations.
There are no liveness violations
